// Jest Snapshot v1, https://goo.gl/fbAQLP

exports[`should render EditExpensePage correctly 1`] = `
<div>
  <ExpenseForm
    expense={
      Object {
        "amount": 0,
        "createdAt": 0,
        "description": "abc",
        "id": "0",
        "note": "now",
      }
    }
    onSubmit={[Function]}
  />
  <button
    onClick={[Function]}
  >
    Delete
  </button>
</div>
`;
